// Vitest Snapshot v1, https://vitest.dev/guide/snapshot.html

exports[`should match content snapshot using default template > __snapshots__/Spinner.snap 1`] = `"<span class=\\"spinner spinner-custom\\"></span>"`;
